
============================================================
[2026-06-16 04:23:59]
Daily Investment Signal | 2026-06-16
----------------------------------------
NASDAQ Price: 744.00
Drawdown: -0.29%
Allocation: 62.5%
YTD Return: 21.5%
----------------------------------------
Action: DCA_BUY
DCA: 100 RMB
Note: Normal market condition, continue DCA.
----------------------------------------

============================================================

[2026-06-16 05:09:30]
Daily Investment Signal | 2026-06-16
----------------------------------------
NASDAQ Price: 744.00
Drawdown: -0.29%
Allocation: 62.6%
YTD Return: 21.5%
----------------------------------------
Action: DCA_BUY
DCA: 100 RMB
Note: Normal market condition, continue DCA.
----------------------------------------


[2026-06-16 05:13:42]
Daily Investment Signal | 2026-06-16
----------------------------------------
NASDAQ Price: 744.00
Drawdown: -0.29%
Allocation: 62.7%
YTD Return: 21.5%
----------------------------------------
Action: DCA_BUY
DCA: 100 RMB
Note: Normal market condition, continue DCA.
----------------------------------------


[2026-06-16 06:34:48]
Daily Investment Signal | 2026-06-16
----------------------------------------
NASDAQ Price: 744.00
Drawdown: -0.29%
Allocation: 62.7%
YTD Return: 21.5%
----------------------------------------
Action: DCA_BUY
DCA: 100 RMB
Note: Normal market condition, continue DCA.
----------------------------------------


[2026-06-17 06:13:43]
Daily Investment Signal | 2026-06-17
----------------------------------------
NASDAQ Price: 729.86
Drawdown: -2.18%
Allocation: 62.8%
YTD Return: 19.19%
----------------------------------------
Action: DCA_BUY
DCA: 100 RMB
Note: Normal market condition, continue DCA.
----------------------------------------


[2026-06-18 05:57:03]
Daily Investment Signal | 2026-06-18
----------------------------------------
NASDAQ Price: 722.51
Drawdown: -3.17%
Allocation: 62.8%
YTD Return: 17.99%
----------------------------------------
Action: DCA_BUY
DCA: 100 RMB
Note: Normal market condition, continue DCA.
----------------------------------------


[2026-06-19 06:22:43]
Daily Investment Signal | 2026-06-19
----------------------------------------
NASDAQ Price: 722.51
Drawdown: -3.17%
Allocation: 62.9%
YTD Return: 17.99%
----------------------------------------
Action: DCA_BUY
DCA: 100 RMB
Note: Normal market condition, continue DCA.
----------------------------------------


[2026-06-22 06:30:26]
Daily Investment Signal | 2026-06-22
----------------------------------------
NASDAQ Price: 740.62
Drawdown: -0.74%
Allocation: 62.9%
YTD Return: 20.95%
----------------------------------------
Action: DCA_BUY
DCA: 100 RMB
Note: Normal market condition, continue DCA.
----------------------------------------


[2026-06-23 05:02:46]
Daily Investment Signal | 2026-06-23
----------------------------------------
NASDAQ Price: 737.95
Drawdown: -0.99%
Allocation: 63.0%
YTD Return: 20.64%
----------------------------------------
Action: DCA_BUY
DCA: 100 RMB
Note: Normal market condition, continue DCA.
----------------------------------------


[2026-06-24 05:03:01]
Daily Investment Signal | 2026-06-24
----------------------------------------
NASDAQ Price: 713.65
Drawdown: -4.25%
Allocation: 63.0%
YTD Return: 16.67%
----------------------------------------
Action: DCA_BUY
DCA: 100 RMB
Note: Normal market condition, continue DCA.
----------------------------------------


[2026-06-25 05:07:00]
Daily Investment Signal | 2026-06-25
----------------------------------------
NASDAQ Price: 710.62
Drawdown: -4.66%
Allocation: 63.1%
YTD Return: 16.18%
----------------------------------------
Action: DCA_BUY
DCA: 100 RMB
Note: Normal market condition, continue DCA.
----------------------------------------


[2026-06-26 05:10:00]
Daily Investment Signal | 2026-06-26
----------------------------------------
NASDAQ Price: 716.38
Drawdown: -3.89%
Allocation: 63.1%
YTD Return: 17.12%
----------------------------------------
Action: DCA_BUY
DCA: 100 RMB
Note: Normal market condition, continue DCA.
----------------------------------------


[2026-06-29 05:51:41]
Daily Investment Signal | 2026-06-29
----------------------------------------
NASDAQ Price: 706.52
Drawdown: -5.21%
Allocation: 63.1%
YTD Return: 15.51%
----------------------------------------
Action: DCA_BUY
DCA: 100 RMB
Note: Normal market condition, continue DCA.
----------------------------------------


[2026-06-30 05:05:05]
Daily Investment Signal | 2026-06-30
----------------------------------------
NASDAQ Price: 724.08
Drawdown: -2.85%
Allocation: 63.2%
YTD Return: 18.38%
----------------------------------------
Action: DCA_BUY
DCA: 100 RMB
Note: Normal market condition, continue DCA.
----------------------------------------


[2026-07-01 05:22:19]
Daily Investment Signal | 2026-07-01
----------------------------------------
NASDAQ Price: 736.40
Drawdown: -1.2%
Allocation: 63.2%
YTD Return: 20.39%
----------------------------------------
Action: DCA_BUY
DCA: 100 RMB
Note: Normal market condition, continue DCA.
----------------------------------------


[2026-07-02 04:58:26]
Daily Investment Signal | 2026-07-02
----------------------------------------
NASDAQ Price: 725.17
Drawdown: -2.71%
Allocation: 63.3%
YTD Return: 18.55%
----------------------------------------
Action: DCA_BUY
DCA: 100 RMB
Note: Normal market condition, continue DCA.
----------------------------------------


[2026-07-03 04:42:41]
Daily Investment Signal | 2026-07-03
----------------------------------------
NASDAQ Price: 712.60
Drawdown: -4.39%
Allocation: 63.3%
YTD Return: 16.5%
----------------------------------------
Action: DCA_BUY
DCA: 100 RMB
Note: Normal market condition, continue DCA.
----------------------------------------


[2026-07-06 05:13:13]
Daily Investment Signal | 2026-07-06
----------------------------------------
NASDAQ Price: 712.60
Drawdown: -4.39%
Allocation: 63.4%
YTD Return: 16.5%
----------------------------------------
Action: DCA_BUY
DCA: 100 RMB
Note: Normal market condition, continue DCA.
----------------------------------------


[2026-07-07 04:53:20]
Daily Investment Signal | 2026-07-07
----------------------------------------
NASDAQ Price: 722.82
Drawdown: -3.02%
Allocation: 63.4%
YTD Return: 18.17%
----------------------------------------
Action: DCA_BUY
DCA: 100 RMB
Note: Normal market condition, continue DCA.
----------------------------------------


[2026-07-08 04:15:25]
Daily Investment Signal | 2026-07-08
----------------------------------------
NASDAQ Price: 709.43
Drawdown: -4.82%
Allocation: 63.5%
YTD Return: 15.98%
----------------------------------------
Action: DCA_BUY
DCA: 100 RMB
Note: Normal market condition, continue DCA.
----------------------------------------


[2026-07-09 04:59:34]
Daily Investment Signal | 2026-07-09
----------------------------------------
NASDAQ Price: 711.44
Drawdown: -4.55%
Allocation: 63.5%
YTD Return: 16.31%
----------------------------------------
Action: DCA_BUY
DCA: 100 RMB
Note: Normal market condition, continue DCA.
----------------------------------------


[2026-07-10 04:52:32]
Daily Investment Signal | 2026-07-10
----------------------------------------
NASDAQ Price: 723.28
Drawdown: -2.96%
Allocation: 63.5%
YTD Return: 18.25%
----------------------------------------
Action: DCA_BUY
DCA: 100 RMB
Note: Normal market condition, continue DCA.
----------------------------------------


[2026-07-13 04:30:42]
Daily Investment Signal | 2026-07-13
----------------------------------------
NASDAQ Price: 725.51
Drawdown: -2.66%
Allocation: 63.6%
YTD Return: 18.61%
----------------------------------------
Action: DCA_BUY
DCA: 100 RMB
Note: Normal market condition, continue DCA.
----------------------------------------


[2026-07-14 03:57:30]
Daily Investment Signal | 2026-07-14
----------------------------------------
NASDAQ Price: 711.74
Drawdown: -4.51%
Allocation: 63.6%
YTD Return: 16.36%
----------------------------------------
Action: DCA_BUY
DCA: 100 RMB
Note: Normal market condition, continue DCA.
----------------------------------------


[2026-07-15 03:59:58]
Daily Investment Signal | 2026-07-15
----------------------------------------
NASDAQ Price: 719.71
Drawdown: -3.44%
Allocation: 63.7%
YTD Return: 17.66%
----------------------------------------
Action: DCA_BUY
DCA: 100 RMB
Note: Normal market condition, continue DCA.
----------------------------------------


[2026-07-16 04:09:17]
Daily Investment Signal | 2026-07-16
----------------------------------------
NASDAQ Price: 717.74
Drawdown: -3.7%
Allocation: 63.7%
YTD Return: 17.34%
----------------------------------------
Action: DCA_BUY
DCA: 100 RMB
Note: Normal market condition, continue DCA.
----------------------------------------


[2026-07-17 04:07:13]
Daily Investment Signal | 2026-07-17
----------------------------------------
NASDAQ Price: 705.94
Drawdown: -5.29%
Allocation: 63.8%
YTD Return: 15.41%
----------------------------------------
Action: DCA_BUY
DCA: 100 RMB
Note: Normal market condition, continue DCA.
----------------------------------------


[2026-07-20 04:36:00]
Daily Investment Signal | 2026-07-20
----------------------------------------
NASDAQ Price: 695.33
Drawdown: -6.71%
Allocation: 63.8%
YTD Return: 13.68%
----------------------------------------
Action: DCA_BUY
DCA: 100 RMB
Note: Normal market condition, continue DCA.
----------------------------------------


[2026-07-21 04:15:55]
Daily Investment Signal | 2026-07-21
----------------------------------------
NASDAQ Price: 696.06
Drawdown: -6.61%
Allocation: 63.9%
YTD Return: 13.8%
----------------------------------------
Action: DCA_BUY
DCA: 100 RMB
Note: Normal market condition, continue DCA.
----------------------------------------


[2026-07-22 04:17:20]
Daily Investment Signal | 2026-07-22
----------------------------------------
NASDAQ Price: 708.97
Drawdown: -4.88%
Allocation: 63.9%
YTD Return: 15.91%
----------------------------------------
Action: DCA_BUY
DCA: 100 RMB
Note: Normal market condition, continue DCA.
----------------------------------------


[2026-07-23 04:15:45]
Daily Investment Signal | 2026-07-23
----------------------------------------
NASDAQ Price: 705.35
Drawdown: -5.37%
Allocation: 63.9%
YTD Return: 15.31%
----------------------------------------
Action: DCA_BUY
DCA: 100 RMB
Note: Normal market condition, continue DCA.
----------------------------------------


[2026-07-24 04:15:34]
Daily Investment Signal | 2026-07-24
----------------------------------------
NASDAQ Price: 691.96
Drawdown: -7.16%
Allocation: 64.0%
YTD Return: 13.13%
----------------------------------------
Action: DCA_BUY
DCA: 100 RMB
Note: Normal market condition, continue DCA.
----------------------------------------


[2026-07-27 04:36:52]
Daily Investment Signal | 2026-07-27
----------------------------------------
NASDAQ Price: 684.23
Drawdown: -8.2%
Allocation: 64.0%
YTD Return: 11.86%
----------------------------------------
Action: DCA_BUY
DCA: 100 RMB
Note: Normal market condition, continue DCA.
----------------------------------------


[2026-07-28 04:11:14]
Daily Investment Signal | 2026-07-28
----------------------------------------
NASDAQ Price: 682.12
Drawdown: -8.48%
Allocation: 64.1%
YTD Return: 11.52%
----------------------------------------
Action: DCA_BUY
DCA: 100 RMB
Note: Normal market condition, continue DCA.
----------------------------------------


[2026-07-29 04:13:32]
Daily Investment Signal | 2026-07-29
----------------------------------------
NASDAQ Price: 682.12
Drawdown: -8.48%
Allocation: 64.1%
YTD Return: 11.52%
----------------------------------------
Action: DCA_BUY
DCA: 100 RMB
Note: Normal market condition, continue DCA.
----------------------------------------


[2026-07-30 03:57:38]
Daily Investment Signal | 2026-07-30
----------------------------------------
NASDAQ Price: 661.73
Drawdown: -11.22%
Allocation: 64.2%
YTD Return: 8.18%
----------------------------------------
Action: DCA_BUY
DCA: 100 RMB
Note: Normal market condition, continue DCA.
----------------------------------------


[2026-07-31 04:23:02]
Daily Investment Signal | 2026-07-31
----------------------------------------
NASDAQ Price: 683.55
Drawdown: -8.29%
Allocation: 64.2%
YTD Return: 11.75%
----------------------------------------
Action: DCA_BUY
DCA: 100 RMB
Note: Normal market condition, continue DCA.
----------------------------------------


[2026-08-03 04:31:13]
Daily Investment Signal | 2026-08-03
----------------------------------------
NASDAQ Price: 687.99
Drawdown: -7.69%
Allocation: 64.2%
YTD Return: 12.48%
----------------------------------------
Action: DCA_BUY
DCA: 100 RMB
Note: Normal market condition, continue DCA.
----------------------------------------


[2026-08-04 04:15:01]
Daily Investment Signal | 2026-08-04
----------------------------------------
NASDAQ Price: 687.99
Drawdown: -7.69%
Allocation: 64.3%
YTD Return: 12.48%
----------------------------------------
Action: DCA_BUY
DCA: 100 RMB
Note: Normal market condition, continue DCA.
----------------------------------------


[2026-08-05 04:13:39]
Daily Investment Signal | 2026-08-05
----------------------------------------
NASDAQ Price: 723.85
Drawdown: -2.88%
Allocation: 64.3%
YTD Return: 18.34%
----------------------------------------
Action: DCA_BUY
DCA: 100 RMB
Note: Normal market condition, continue DCA.
----------------------------------------


[2026-08-06 04:13:35]
Daily Investment Signal | 2026-08-06
----------------------------------------
NASDAQ Price: 717.30
Drawdown: -3.76%
Allocation: 64.4%
YTD Return: 17.27%
----------------------------------------
Action: DCA_BUY
DCA: 100 RMB
Note: Normal market condition, continue DCA.
----------------------------------------


[2026-08-07 03:49:57]
Daily Investment Signal | 2026-08-07
----------------------------------------
NASDAQ Price: 714.65
Drawdown: -4.12%
Allocation: 64.4%
YTD Return: 16.83%
----------------------------------------
Action: DCA_BUY
DCA: 100 RMB
Note: Normal market condition, continue DCA.
----------------------------------------


[2026-08-10 03:11:37]
Daily Investment Signal | 2026-08-10
----------------------------------------
NASDAQ Price: 723.03
Drawdown: -2.99%
Allocation: 64.5%
YTD Return: 18.2%
----------------------------------------
Action: DCA_BUY
DCA: 100 RMB
Note: Normal market condition, continue DCA.
----------------------------------------


[2026-08-11 03:04:28]
Daily Investment Signal | 2026-08-11
----------------------------------------
NASDAQ Price: 720.87
Drawdown: -3.28%
Allocation: 64.5%
YTD Return: 17.85%
----------------------------------------
Action: DCA_BUY
DCA: 100 RMB
Note: Normal market condition, continue DCA.
----------------------------------------


[2026-08-12 03:23:25]
Daily Investment Signal | 2026-08-12
----------------------------------------
NASDAQ Price: 718.45
Drawdown: -3.61%
Allocation: 64.5%
YTD Return: 17.46%
----------------------------------------
Action: DCA_BUY
DCA: 100 RMB
Note: Normal market condition, continue DCA.
----------------------------------------


[2026-08-13 03:26:40]
Daily Investment Signal | 2026-08-13
----------------------------------------
NASDAQ Price: 723.70
Drawdown: -2.9%
Allocation: 64.6%
YTD Return: 18.31%
----------------------------------------
Action: DCA_BUY
DCA: 100 RMB
Note: Normal market condition, continue DCA.
----------------------------------------


[2026-08-14 03:23:53]
Daily Investment Signal | 2026-08-14
----------------------------------------
NASDAQ Price: 732.07
Drawdown: -1.78%
Allocation: 64.6%
YTD Return: 19.68%
----------------------------------------
Action: DCA_BUY
DCA: 100 RMB
Note: Normal market condition, continue DCA.
----------------------------------------


[2026-08-17 02:19:30]
Daily Investment Signal | 2026-08-17
----------------------------------------
NASDAQ Price: 731.07
Drawdown: -1.91%
Allocation: 64.7%
YTD Return: 19.52%
----------------------------------------
Action: DCA_BUY
DCA: 100 RMB
Note: Normal market condition, continue DCA.
----------------------------------------


[2026-08-18 02:15:22]
Daily Investment Signal | 2026-08-18
----------------------------------------
NASDAQ Price: 729.87
Drawdown: -2.08%
Allocation: 64.7%
YTD Return: 19.32%
----------------------------------------
Action: DCA_BUY
DCA: 100 RMB
Note: Normal market condition, continue DCA.
----------------------------------------


[2026-08-19 02:18:09]
Daily Investment Signal | 2026-08-19
----------------------------------------
NASDAQ Price: 717.51
Drawdown: -3.73%
Allocation: 64.7%
YTD Return: 17.3%
----------------------------------------
Action: DCA_BUY
DCA: 100 RMB
Note: Normal market condition, continue DCA.
----------------------------------------


[2026-08-20 02:17:20]
Daily Investment Signal | 2026-08-20
----------------------------------------
NASDAQ Price: 716.08
Drawdown: -3.93%
Allocation: 64.8%
YTD Return: 17.07%
----------------------------------------
Action: DCA_BUY
DCA: 100 RMB
Note: Normal market condition, continue DCA.
----------------------------------------


[2026-08-21 02:23:09]
Daily Investment Signal | 2026-08-21
----------------------------------------
NASDAQ Price: 710.93
Drawdown: -4.62%
Allocation: 64.8%
YTD Return: 16.23%
----------------------------------------
Action: DCA_BUY
DCA: 100 RMB
Note: Normal market condition, continue DCA.
----------------------------------------


[2026-08-24 02:22:33]
Daily Investment Signal | 2026-08-24
----------------------------------------
NASDAQ Price: 713.44
Drawdown: -4.28%
Allocation: 64.9%
YTD Return: 16.64%
----------------------------------------
Action: DCA_BUY
DCA: 100 RMB
Note: Normal market condition, continue DCA.
----------------------------------------


[2026-08-25 02:17:57]
Daily Investment Signal | 2026-08-25
----------------------------------------
NASDAQ Price: 706.32
Drawdown: -5.24%
Allocation: 64.9%
YTD Return: 15.47%
----------------------------------------
Action: DCA_BUY
DCA: 100 RMB
Note: Normal market condition, continue DCA.
----------------------------------------


[2026-08-26 02:24:43]
Daily Investment Signal | 2026-08-26
----------------------------------------
NASDAQ Price: 710.72
Drawdown: -4.64%
Allocation: 65.0%
YTD Return: 16.19%
----------------------------------------
Action: DCA_BUY
DCA: 100 RMB
Note: Normal market condition, continue DCA.
----------------------------------------


[2026-08-27 10:57:19]
Daily Investment Signal | 2026-08-27
----------------------------------------
NASDAQ Price: 711.37
Drawdown: -4.56%
Allocation: 65.0%
YTD Return: 16.3%
----------------------------------------
Action: DCA_BUY
DCA: 100 RMB
Note: Normal market condition, continue DCA.
----------------------------------------


[2026-08-28 12:32:50]
Daily Investment Signal | 2026-08-28
----------------------------------------
NASDAQ Price: 721.11
Drawdown: -3.25%
Allocation: 65.0%
YTD Return: 17.89%
----------------------------------------
Action: DCA_BUY
DCA: 100 RMB
Note: Normal market condition, continue DCA.
----------------------------------------


[2026-08-31 06:44:57]
Daily Investment Signal | 2026-08-31
----------------------------------------
NASDAQ Price: 716.43
Drawdown: -3.88%
Allocation: 65.1%
YTD Return: 17.13%
----------------------------------------
Action: DCA_BUY
DCA: 100 RMB
Note: Normal market condition, continue DCA.
----------------------------------------


[2026-09-01 06:04:36]
Daily Investment Signal | 2026-09-01
----------------------------------------
NASDAQ Price: 716.76
Drawdown: -3.83%
Allocation: 65.1%
YTD Return: 17.18%
----------------------------------------
Action: DCA_BUY
DCA: 100 RMB
Note: Normal market condition, continue DCA.
----------------------------------------


[2026-09-02 05:30:30]
Daily Investment Signal | 2026-09-02
----------------------------------------
NASDAQ Price: 707.64
Drawdown: -5.06%
Allocation: 65.2%
YTD Return: 15.69%
----------------------------------------
Action: DCA_BUY
DCA: 100 RMB
Note: Normal market condition, continue DCA.
----------------------------------------


[2026-09-03 05:31:09]
Daily Investment Signal | 2026-09-03
----------------------------------------
NASDAQ Price: 709.24
Drawdown: -4.84%
Allocation: 65.2%
YTD Return: 15.95%
----------------------------------------
Action: DCA_BUY
DCA: 100 RMB
Note: Normal market condition, continue DCA.
----------------------------------------


[2026-09-04 05:35:53]
Daily Investment Signal | 2026-09-04
----------------------------------------
NASDAQ Price: 709.24
Drawdown: -4.84%
Allocation: 65.2%
YTD Return: 15.95%
----------------------------------------
Action: DCA_BUY
DCA: 100 RMB
Note: Normal market condition, continue DCA.
----------------------------------------

